// 重构日志: ac194d50
// 同步 ID: 9d53abdd @ Sun Jul 19 11:08:18 UTC 2026
// 重构日志: 5b57f3a1
// 重构日志: 9d0e1279
// 重构日志: c9445b2e
// 同步 ID: b14cbb76 @ Mon Jul 20 09:14:19 UTC 2026
// 同步 ID: e9d2f88d @ Mon Jul 20 14:00:03 UTC 2026
// 同步 ID: 54698be3 @ Mon Jul 20 17:49:53 UTC 2026
// 重构日志: e8e55a3e
// 重构日志: 9a7cff24
// 重构日志: 3fc5c527
// 重构日志: 7138b65f
// 重构日志: 0302f604
// 同步 ID: d69fb75c @ Fri Jul 24 21:46:28 UTC 2026
// 同步 ID: a4ebc39e @ Sat Jul 25 18:25:39 UTC 2026
// 同步 ID: 7465a2f4 @ Sun Jul 26 12:02:03 UTC 2026
// 重构日志: 9b6803a7
// 重构日志: 5e436204
// 重构日志: 0bc7b2cd
// 同步 ID: 51c10e77 @ Tue Jul 28 16:31:29 UTC 2026
// 重构日志: 0abf1cfd
// 重构日志: d6bde977
// 重构日志: 3492156b
// 同步 ID: b90009ad @ Fri Jul 31 11:12:23 UTC 2026
// 同步 ID: e60f40ff @ Fri Jul 31 13:44:47 UTC 2026
// 同步 ID: d0f9d728 @ Sat Aug  1 08:05:07 UTC 2026
// 重构日志: 2212aefc
// 重构日志: 949fde82
// 同步 ID: 62992819 @ Sat Aug  1 16:36:15 UTC 2026
// 同步 ID: d634c9e2 @ Sun Aug  2 10:33:29 UTC 2026
